2026-06-12T16:00:26Z vault-check: exit=1 errors=0 warnings=82
2026-06-12T16:00:26Z git-status: clean=false 13 uncommitted file(s)
2026-06-12T16:00:26Z stale-projects: count=4 customer-intelligence, firekeeper-books, think-different, semuta
2026-06-12T16:00:26Z OK: wrote health notes to /Users/danny/crumb-vault/_system/logs/vault-health-notes.md
2026-06-12T16:00:26Z OK: warnings only — written to health notes
2026-06-13T06:07:17Z vault-check: exit=1 errors=0 warnings=84
2026-06-13T06:07:17Z git-status: clean=true 
2026-06-13T06:07:17Z stale-projects: count=4 customer-intelligence, think-different, opportunity-scout, semuta
2026-06-13T06:07:17Z OK: wrote health notes to /Users/danny/crumb-vault/_system/logs/vault-health-notes.md
2026-06-13T06:07:17Z OK: warnings only — written to health notes
2026-06-14T06:06:59Z vault-check: exit=1 errors=0 warnings=85
2026-06-14T06:06:59Z git-status: clean=false 1 uncommitted file(s)
2026-06-14T06:06:59Z stale-projects: count=4 customer-intelligence, think-different, opportunity-scout, semuta
2026-06-14T06:06:59Z OK: wrote health notes to /Users/danny/crumb-vault/_system/logs/vault-health-notes.md
2026-06-14T06:06:59Z OK: warnings only — written to health notes
2026-06-15T06:07:30Z vault-check: exit=1 errors=0 warnings=85
2026-06-15T06:07:30Z git-status: clean=true 
2026-06-15T06:07:30Z stale-projects: count=4 customer-intelligence, think-different, opportunity-scout, semuta
2026-06-15T06:07:30Z OK: wrote health notes to /Users/danny/crumb-vault/_system/logs/vault-health-notes.md
2026-06-15T06:07:30Z OK: warnings only — written to health notes
2026-06-16T06:07:23Z vault-check: exit=1 errors=0 warnings=85
2026-06-16T06:07:23Z git-status: clean=true 
2026-06-16T06:07:23Z stale-projects: count=4 customer-intelligence, think-different, opportunity-scout, semuta
2026-06-16T06:07:23Z OK: wrote health notes to /Users/danny/crumb-vault/_system/logs/vault-health-notes.md
2026-06-16T06:07:23Z OK: warnings only — written to health notes
2026-06-17T06:07:02Z vault-check: exit=1 errors=0 warnings=85
2026-06-17T06:07:02Z git-status: clean=true 
2026-06-17T06:07:02Z stale-projects: count=4 customer-intelligence, think-different, opportunity-scout, semuta
2026-06-17T06:07:02Z OK: wrote health notes to /Users/danny/crumb-vault/_system/logs/vault-health-notes.md
2026-06-17T06:07:02Z OK: warnings only — written to health notes
2026-06-18T06:07:06Z vault-check: exit=1 errors=0 warnings=85
2026-06-18T06:07:06Z git-status: clean=true 
2026-06-18T06:07:06Z stale-projects: count=4 customer-intelligence, think-different, opportunity-scout, semuta
2026-06-18T06:07:06Z OK: wrote health notes to /Users/danny/crumb-vault/_system/logs/vault-health-notes.md
2026-06-18T06:07:06Z OK: warnings only — written to health notes
2026-07-02T06:07:13Z vault-check: exit=1 errors=0 warnings=85
2026-07-02T06:07:13Z git-status: clean=false 2 uncommitted file(s)
2026-07-02T06:07:13Z stale-projects: count=11 feed-intel-framework, tess-v2, customer-intelligence, firekeeper-books, vault-optimization, obsidian-applenotes-import, think-different, opportunity-scout, mission-control, tess-danny-migration, semuta
2026-07-02T06:07:13Z OK: wrote health notes to /Users/danny/crumb-vault/_system/logs/vault-health-notes.md
2026-07-02T06:07:13Z OK: warnings only — written to health notes
2026-07-03T06:07:33Z vault-check: exit=1 errors=0 warnings=85
2026-07-03T06:07:33Z git-status: clean=true 
2026-07-03T06:07:33Z stale-projects: count=11 feed-intel-framework, tess-v2, customer-intelligence, firekeeper-books, vault-optimization, obsidian-applenotes-import, think-different, opportunity-scout, mission-control, tess-danny-migration, semuta
2026-07-03T06:07:33Z OK: wrote health notes to /Users/danny/crumb-vault/_system/logs/vault-health-notes.md
2026-07-03T06:07:33Z OK: warnings only — written to health notes
2026-07-04T06:06:21Z vault-check: exit=1 errors=0 warnings=87
2026-07-04T06:06:21Z git-status: clean=true 
2026-07-04T06:06:21Z stale-projects: count=10 feed-intel-framework, tess-v2, customer-intelligence, firekeeper-books, obsidian-applenotes-import, think-different, opportunity-scout, mission-control, tess-danny-migration, semuta
2026-07-04T06:06:21Z OK: wrote health notes to /Users/danny/crumb-vault/_system/logs/vault-health-notes.md
2026-07-04T06:06:21Z OK: warnings only — written to health notes
2026-07-05T06:06:21Z vault-check: exit=1 errors=0 warnings=93
2026-07-05T06:06:21Z git-status: clean=true 
2026-07-05T06:06:21Z stale-projects: count=10 feed-intel-framework, tess-v2, customer-intelligence, firekeeper-books, obsidian-applenotes-import, think-different, opportunity-scout, mission-control, tess-danny-migration, semuta
2026-07-05T06:06:21Z OK: wrote health notes to /Users/danny/crumb-vault/_system/logs/vault-health-notes.md
2026-07-05T06:06:21Z OK: warnings only — written to health notes
2026-07-06T06:05:36Z vault-check: exit=1 errors=0 warnings=78
2026-07-06T06:05:37Z git-status: clean=true 
2026-07-06T06:05:37Z stale-projects: count=6 tess-v2, customer-intelligence, obsidian-applenotes-import, think-different, mission-control, tess-danny-migration
2026-07-06T06:05:37Z OK: wrote health notes to /Users/danny/crumb-vault/_system/logs/vault-health-notes.md
2026-07-06T06:05:37Z OK: warnings only — written to health notes
2026-07-07T06:05:34Z vault-check: exit=1 errors=0 warnings=85
2026-07-07T06:05:34Z git-status: clean=true 
2026-07-07T06:05:34Z stale-projects: count=6 tess-v2, customer-intelligence, obsidian-applenotes-import, think-different, mission-control, tess-danny-migration
2026-07-07T06:05:34Z OK: wrote health notes to /Users/danny/crumb-vault/_system/logs/vault-health-notes.md
2026-07-07T06:05:34Z OK: warnings only — written to health notes
2026-07-08T06:06:02Z vault-check: exit=1 errors=0 warnings=95
2026-07-08T06:06:02Z git-status: clean=true 
2026-07-08T06:06:02Z stale-projects: count=6 tess-v2, customer-intelligence, obsidian-applenotes-import, think-different, mission-control, tess-danny-migration
2026-07-08T06:06:02Z OK: wrote health notes to /Users/danny/crumb-vault/_system/logs/vault-health-notes.md
2026-07-08T06:06:02Z OK: warnings only — written to health notes
2026-07-09T06:05:52Z vault-check: exit=1 errors=0 warnings=95
2026-07-09T06:05:52Z git-status: clean=true 
2026-07-09T06:05:52Z stale-projects: count=6 tess-v2, customer-intelligence, obsidian-applenotes-import, think-different, mission-control, tess-danny-migration
2026-07-09T06:05:52Z OK: wrote health notes to /Users/danny/crumb-vault/_system/logs/vault-health-notes.md
2026-07-09T06:05:52Z OK: warnings only — written to health notes
2026-07-10T06:05:55Z vault-check: exit=1 errors=0 warnings=95
2026-07-10T06:05:55Z git-status: clean=true 
2026-07-10T06:05:55Z stale-projects: count=6 tess-v2, customer-intelligence, obsidian-applenotes-import, think-different, mission-control, tess-danny-migration
2026-07-10T06:05:55Z OK: wrote health notes to /Users/danny/crumb-vault/_system/logs/vault-health-notes.md
2026-07-10T06:05:55Z OK: warnings only — written to health notes
2026-07-11T06:05:57Z vault-check: exit=1 errors=0 warnings=95
2026-07-11T06:05:57Z git-status: clean=true 
2026-07-11T06:05:57Z stale-projects: count=6 tess-v2, customer-intelligence, obsidian-applenotes-import, think-different, mission-control, tess-danny-migration
2026-07-11T06:05:57Z OK: wrote health notes to /Users/danny/crumb-vault/_system/logs/vault-health-notes.md
2026-07-11T06:05:57Z OK: warnings only — written to health notes
2026-07-12T06:05:36Z vault-check: exit=1 errors=0 warnings=95
2026-07-12T06:05:36Z git-status: clean=true 
2026-07-12T06:05:36Z stale-projects: count=6 tess-v2, customer-intelligence, obsidian-applenotes-import, think-different, mission-control, tess-danny-migration
2026-07-12T06:05:36Z OK: wrote health notes to /Users/danny/crumb-vault/_system/logs/vault-health-notes.md
2026-07-12T06:05:36Z OK: warnings only — written to health notes
2026-07-13T06:05:42Z vault-check: exit=1 errors=0 warnings=95
2026-07-13T06:05:42Z git-status: clean=false 8 uncommitted file(s)
2026-07-13T06:05:42Z stale-projects: count=6 tess-v2, customer-intelligence, obsidian-applenotes-import, think-different, mission-control, tess-danny-migration
2026-07-13T06:05:42Z OK: wrote health notes to /Users/danny/crumb-vault/_system/logs/vault-health-notes.md
2026-07-13T06:05:42Z OK: warnings only — written to health notes
2026-07-14T06:05:38Z vault-check: exit=1 errors=0 warnings=97
2026-07-14T06:05:38Z git-status: clean=true 
2026-07-14T06:05:38Z stale-projects: count=6 tess-v2, customer-intelligence, obsidian-applenotes-import, think-different, mission-control, tess-danny-migration
2026-07-14T06:05:38Z OK: wrote health notes to /Users/danny/crumb-vault/_system/logs/vault-health-notes.md
2026-07-14T06:05:38Z OK: warnings only — written to health notes
2026-07-15T06:05:47Z vault-check: exit=1 errors=0 warnings=97
2026-07-15T06:05:47Z git-status: clean=false 2 uncommitted file(s)
2026-07-15T06:05:47Z stale-projects: count=6 tess-v2, customer-intelligence, obsidian-applenotes-import, think-different, mission-control, tess-danny-migration
2026-07-15T06:05:47Z OK: wrote health notes to /Users/danny/crumb-vault/_system/logs/vault-health-notes.md
2026-07-15T06:05:47Z OK: warnings only — written to health notes
2026-07-16T06:05:40Z vault-check: exit=1 errors=0 warnings=97
2026-07-16T06:05:40Z git-status: clean=false 2 uncommitted file(s)
2026-07-16T06:05:40Z stale-projects: count=6 tess-v2, customer-intelligence, obsidian-applenotes-import, think-different, mission-control, tess-danny-migration
2026-07-16T06:05:40Z OK: wrote health notes to /Users/danny/crumb-vault/_system/logs/vault-health-notes.md
2026-07-16T06:05:40Z OK: warnings only — written to health notes
2026-07-17T06:05:51Z vault-check: exit=1 errors=0 warnings=97
2026-07-17T06:05:51Z git-status: clean=false 2 uncommitted file(s)
2026-07-17T06:05:51Z stale-projects: count=6 tess-v2, customer-intelligence, obsidian-applenotes-import, think-different, mission-control, tess-danny-migration
2026-07-17T06:05:51Z OK: wrote health notes to /Users/danny/crumb-vault/_system/logs/vault-health-notes.md
2026-07-17T06:05:51Z OK: warnings only — written to health notes
2026-07-18T06:05:38Z vault-check: exit=1 errors=0 warnings=97
2026-07-18T06:05:38Z git-status: clean=false 2 uncommitted file(s)
2026-07-18T06:05:38Z stale-projects: count=6 tess-v2, customer-intelligence, obsidian-applenotes-import, think-different, mission-control, tess-danny-migration
2026-07-18T06:05:38Z OK: wrote health notes to /Users/danny/crumb-vault/_system/logs/vault-health-notes.md
2026-07-18T06:05:38Z OK: warnings only — written to health notes
2026-07-19T06:05:40Z vault-check: exit=1 errors=0 warnings=97
2026-07-19T06:05:40Z git-status: clean=false 2 uncommitted file(s)
2026-07-19T06:05:40Z stale-projects: count=6 tess-v2, customer-intelligence, obsidian-applenotes-import, think-different, mission-control, tess-danny-migration
2026-07-19T06:05:40Z OK: wrote health notes to /Users/danny/crumb-vault/_system/logs/vault-health-notes.md
2026-07-19T06:05:40Z OK: warnings only — written to health notes
2026-07-20T06:06:02Z vault-check: exit=1 errors=0 warnings=97
2026-07-20T06:06:02Z git-status: clean=false 2 uncommitted file(s)
2026-07-20T06:06:02Z stale-projects: count=6 tess-v2, customer-intelligence, obsidian-applenotes-import, think-different, mission-control, tess-danny-migration
2026-07-20T06:06:02Z OK: wrote health notes to /Users/danny/crumb-vault/_system/logs/vault-health-notes.md
2026-07-20T06:06:02Z OK: warnings only — written to health notes
2026-07-21T06:05:37Z vault-check: exit=1 errors=0 warnings=97
2026-07-21T06:05:37Z git-status: clean=false 2 uncommitted file(s)
2026-07-21T06:05:37Z stale-projects: count=8 tess-v2, customer-intelligence, firekeeper-books, obsidian-applenotes-import, think-different, mission-control, tess-danny-migration, semuta
2026-07-21T06:05:37Z OK: wrote health notes to /Users/danny/crumb-vault/_system/logs/vault-health-notes.md
2026-07-21T06:05:37Z OK: warnings only — written to health notes
2026-07-22T06:05:45Z vault-check: exit=1 errors=0 warnings=97
2026-07-22T06:05:45Z git-status: clean=false 2 uncommitted file(s)
2026-07-22T06:05:45Z stale-projects: count=8 tess-v2, customer-intelligence, firekeeper-books, obsidian-applenotes-import, think-different, mission-control, tess-danny-migration, semuta
2026-07-22T06:05:45Z OK: wrote health notes to /Users/danny/crumb-vault/_system/logs/vault-health-notes.md
2026-07-22T06:05:45Z OK: warnings only — written to health notes
2026-07-23T06:05:44Z vault-check: exit=1 errors=0 warnings=97
2026-07-23T06:05:44Z git-status: clean=false 2 uncommitted file(s)
2026-07-23T06:05:44Z stale-projects: count=10 tess-v2, customer-intelligence, skills-library, firekeeper-books, obsidian-applenotes-import, think-different, akm-refresh, mission-control, tess-danny-migration, semuta
2026-07-23T06:05:44Z OK: wrote health notes to /Users/danny/crumb-vault/_system/logs/vault-health-notes.md
2026-07-23T06:05:44Z OK: warnings only — written to health notes
2026-07-24T06:06:03Z vault-check: exit=1 errors=0 warnings=97
2026-07-24T06:06:03Z git-status: clean=false 2 uncommitted file(s)
2026-07-24T06:06:03Z stale-projects: count=10 tess-v2, customer-intelligence, skills-library, firekeeper-books, obsidian-applenotes-import, think-different, akm-refresh, mission-control, tess-danny-migration, semuta
2026-07-24T06:06:03Z OK: wrote health notes to /Users/danny/crumb-vault/_system/logs/vault-health-notes.md
2026-07-24T06:06:03Z OK: warnings only — written to health notes
2026-07-25T06:05:59Z vault-check: exit=1 errors=0 warnings=97
2026-07-25T06:05:59Z git-status: clean=false 2 uncommitted file(s)
2026-07-25T06:05:59Z stale-projects: count=10 tess-v2, customer-intelligence, skills-library, firekeeper-books, obsidian-applenotes-import, think-different, akm-refresh, mission-control, tess-danny-migration, semuta
2026-07-25T06:05:59Z OK: wrote health notes to /Users/danny/crumb-vault/_system/logs/vault-health-notes.md
2026-07-25T06:05:59Z OK: warnings only — written to health notes
2026-07-26T06:06:04Z vault-check: exit=1 errors=0 warnings=97
2026-07-26T06:06:04Z git-status: clean=false 2 uncommitted file(s)
2026-07-26T06:06:04Z stale-projects: count=10 tess-v2, customer-intelligence, skills-library, firekeeper-books, obsidian-applenotes-import, think-different, akm-refresh, mission-control, tess-danny-migration, semuta
2026-07-26T06:06:04Z OK: wrote health notes to /Users/danny/crumb-vault/_system/logs/vault-health-notes.md
2026-07-26T06:06:05Z OK: warnings only — written to health notes
2026-07-27T06:05:57Z vault-check: exit=1 errors=0 warnings=97
2026-07-27T06:05:57Z git-status: clean=false 2 uncommitted file(s)
2026-07-27T06:05:57Z stale-projects: count=10 tess-v2, customer-intelligence, skills-library, firekeeper-books, obsidian-applenotes-import, think-different, akm-refresh, mission-control, tess-danny-migration, semuta
2026-07-27T06:05:57Z OK: wrote health notes to /Users/danny/crumb-vault/_system/logs/vault-health-notes.md
2026-07-27T06:05:57Z OK: warnings only — written to health notes
2026-07-28T06:06:05Z vault-check: exit=1 errors=0 warnings=97
2026-07-28T06:06:05Z git-status: clean=false 2 uncommitted file(s)
2026-07-28T06:06:05Z stale-projects: count=10 tess-v2, customer-intelligence, skills-library, firekeeper-books, obsidian-applenotes-import, think-different, akm-refresh, mission-control, tess-danny-migration, semuta
2026-07-28T06:06:05Z OK: wrote health notes to /Users/danny/crumb-vault/_system/logs/vault-health-notes.md
2026-07-28T06:06:05Z OK: warnings only — written to health notes
2026-07-29T06:05:58Z vault-check: exit=1 errors=0 warnings=97
2026-07-29T06:05:58Z git-status: clean=false 2 uncommitted file(s)
2026-07-29T06:05:58Z stale-projects: count=12 agentic-sunset, tess-v2, customer-intelligence, skills-library, firekeeper-books, vault-optimization, obsidian-applenotes-import, think-different, akm-refresh, mission-control, tess-danny-migration, semuta
2026-07-29T06:05:58Z OK: wrote health notes to /Users/danny/crumb-vault/_system/logs/vault-health-notes.md
2026-07-29T06:05:58Z OK: warnings only — written to health notes
2026-07-30T06:06:00Z vault-check: exit=1 errors=0 warnings=97
2026-07-30T06:06:00Z git-status: clean=false 2 uncommitted file(s)
2026-07-30T06:06:00Z stale-projects: count=12 agentic-sunset, tess-v2, customer-intelligence, skills-library, firekeeper-books, vault-optimization, obsidian-applenotes-import, think-different, akm-refresh, mission-control, tess-danny-migration, semuta
2026-07-30T06:06:00Z OK: wrote health notes to /Users/danny/crumb-vault/_system/logs/vault-health-notes.md
2026-07-30T06:06:00Z OK: warnings only — written to health notes
2026-07-31T06:06:15Z vault-check: exit=1 errors=0 warnings=97
2026-07-31T06:06:15Z git-status: clean=false 2 uncommitted file(s)
2026-07-31T06:06:15Z stale-projects: count=12 agentic-sunset, tess-v2, customer-intelligence, skills-library, firekeeper-books, vault-optimization, obsidian-applenotes-import, think-different, akm-refresh, mission-control, tess-danny-migration, semuta
2026-07-31T06:06:15Z OK: wrote health notes to /Users/danny/crumb-vault/_system/logs/vault-health-notes.md
2026-07-31T06:06:15Z OK: warnings only — written to health notes
2026-08-01T06:05:54Z vault-check: exit=1 errors=0 warnings=97
2026-08-01T06:05:54Z git-status: clean=false 2 uncommitted file(s)
2026-08-01T06:05:54Z stale-projects: count=12 agentic-sunset, tess-v2, customer-intelligence, skills-library, firekeeper-books, vault-optimization, obsidian-applenotes-import, think-different, akm-refresh, mission-control, tess-danny-migration, semuta
2026-08-01T06:05:54Z OK: wrote health notes to /Users/danny/crumb-vault/_system/logs/vault-health-notes.md
2026-08-01T06:05:54Z OK: warnings only — written to health notes
2026-08-02T06:06:03Z vault-check: exit=1 errors=0 warnings=97
2026-08-02T06:06:03Z git-status: clean=false 2 uncommitted file(s)
2026-08-02T06:06:03Z stale-projects: count=12 agentic-sunset, tess-v2, customer-intelligence, skills-library, firekeeper-books, vault-optimization, obsidian-applenotes-import, think-different, akm-refresh, mission-control, tess-danny-migration, semuta
2026-08-02T06:06:03Z OK: wrote health notes to /Users/danny/crumb-vault/_system/logs/vault-health-notes.md
2026-08-02T06:06:03Z OK: warnings only — written to health notes
2026-08-03T06:06:04Z vault-check: exit=1 errors=0 warnings=97
2026-08-03T06:06:04Z git-status: clean=false 2 uncommitted file(s)
2026-08-03T06:06:04Z stale-projects: count=12 agentic-sunset, tess-v2, customer-intelligence, skills-library, firekeeper-books, vault-optimization, obsidian-applenotes-import, think-different, akm-refresh, mission-control, tess-danny-migration, semuta
2026-08-03T06:06:04Z OK: wrote health notes to /Users/danny/crumb-vault/_system/logs/vault-health-notes.md
2026-08-03T06:06:04Z OK: warnings only — written to health notes
2026-08-04T06:05:53Z vault-check: exit=1 errors=0 warnings=97
2026-08-04T06:05:53Z git-status: clean=false 2 uncommitted file(s)
2026-08-04T06:05:53Z stale-projects: count=12 agentic-sunset, tess-v2, customer-intelligence, skills-library, firekeeper-books, vault-optimization, obsidian-applenotes-import, think-different, akm-refresh, mission-control, tess-danny-migration, semuta
2026-08-04T06:05:54Z OK: wrote health notes to /Users/danny/crumb-vault/_system/logs/vault-health-notes.md
2026-08-04T06:05:54Z OK: warnings only — written to health notes
2026-08-05T06:06:08Z vault-check: exit=1 errors=0 warnings=97
2026-08-05T06:06:08Z git-status: clean=false 2 uncommitted file(s)
2026-08-05T06:06:08Z stale-projects: count=12 agentic-sunset, tess-v2, customer-intelligence, skills-library, firekeeper-books, vault-optimization, obsidian-applenotes-import, think-different, akm-refresh, mission-control, tess-danny-migration, semuta
2026-08-05T06:06:08Z OK: wrote health notes to /Users/danny/crumb-vault/_system/logs/vault-health-notes.md
2026-08-05T06:06:08Z OK: warnings only — written to health notes
2026-08-06T06:05:46Z vault-check: exit=1 errors=0 warnings=97
2026-08-06T06:05:46Z git-status: clean=false 2 uncommitted file(s)
2026-08-06T06:05:46Z stale-projects: count=12 agentic-sunset, tess-v2, customer-intelligence, skills-library, firekeeper-books, vault-optimization, obsidian-applenotes-import, think-different, akm-refresh, mission-control, tess-danny-migration, semuta
2026-08-06T06:05:46Z OK: wrote health notes to /Users/danny/crumb-vault/_system/logs/vault-health-notes.md
2026-08-06T06:05:46Z OK: warnings only — written to health notes
2026-08-07T06:05:53Z vault-check: exit=1 errors=0 warnings=97
2026-08-07T06:05:53Z git-status: clean=false 2 uncommitted file(s)
2026-08-07T06:05:53Z stale-projects: count=12 agentic-sunset, tess-v2, customer-intelligence, skills-library, firekeeper-books, vault-optimization, obsidian-applenotes-import, think-different, akm-refresh, mission-control, tess-danny-migration, semuta
2026-08-07T06:05:53Z OK: wrote health notes to /Users/danny/crumb-vault/_system/logs/vault-health-notes.md
2026-08-07T06:05:53Z OK: warnings only — written to health notes
2026-08-08T06:05:35Z vault-check: exit=1 errors=0 warnings=97
2026-08-08T06:05:35Z git-status: clean=false 2 uncommitted file(s)
2026-08-08T06:05:35Z stale-projects: count=12 agentic-sunset, tess-v2, customer-intelligence, skills-library, firekeeper-books, vault-optimization, obsidian-applenotes-import, think-different, akm-refresh, mission-control, tess-danny-migration, semuta
2026-08-08T06:05:35Z OK: wrote health notes to /Users/danny/crumb-vault/_system/logs/vault-health-notes.md
2026-08-08T06:05:35Z OK: warnings only — written to health notes
2026-08-09T06:05:35Z vault-check: exit=1 errors=0 warnings=80
2026-08-09T06:05:35Z git-status: clean=true 
2026-08-09T06:05:35Z stale-projects: count=9 tess-v2, customer-intelligence, skills-library, firekeeper-books, think-different, akm-refresh, mission-control, tess-danny-migration, semuta
2026-08-09T06:05:35Z OK: wrote health notes to /Users/danny/crumb-vault/_system/logs/vault-health-notes.md
2026-08-09T06:05:35Z OK: warnings only — written to health notes
2026-08-10T06:06:05Z vault-check: exit=1 errors=0 warnings=80
2026-08-10T06:06:05Z git-status: clean=true 
2026-08-10T06:06:05Z stale-projects: count=9 tess-v2, customer-intelligence, skills-library, firekeeper-books, think-different, akm-refresh, mission-control, tess-danny-migration, semuta
2026-08-10T06:06:05Z OK: wrote health notes to /Users/danny/crumb-vault/_system/logs/vault-health-notes.md
2026-08-10T06:06:05Z OK: warnings only — written to health notes
